Java HotSpot(TM) 64-Bit Server VM (25.172-b11) for linux-amd64 JRE (1.8.0_172-b11), built on Mar 28 2018 21:44:09 by "java_re" with gcc 4.3.0 20080428 (Red Hat 4.3.0-8)
Memory: 4k page, physical 3963160k(1028908k free), swap 0k(0k free)
CommandLine flags: -XX:InitialHeapSize=63410560 -XX:MaxHeapSize=1014568960 -XX:+PrintGC -XX:+PrintGCDetails -XX:+PrintGCTimeStamps -XX:+UseCompressedClassPointers -XX:+UseCompressedOops -XX:+UseG1GC 
0.265: [GC pause (G1 Humongous Allocation) (young) (initial-mark), 0.0021735 secs]
   [Parallel Time: 1.7 ms, GC Workers: 4]
      [GC Worker Start (ms): Min: 264.7, Avg: 264.9, Max: 265.3, Diff: 0.6]
      [Ext Root Scanning (ms): Min: 0.0, Avg: 0.7, Max: 1.5, Diff: 1.5, Sum: 2.7]
      [Update RS (ms): Min: 0.0, Avg: 0.0, Max: 0.0, Diff: 0.0, Sum: 0.0]
         [Processed Buffers: Min: 0, Avg: 0.0, Max: 0, Diff: 0, Sum: 0]
      [Scan RS (ms): Min: 0.0, Avg: 0.0, Max: 0.0, Diff: 0.0, Sum: 0.0]
      [Code Root Scanning (ms): Min: 0.0, Avg: 0.0, Max: 0.0, Diff: 0.0, Sum: 0.0]
      [Object Copy (ms): Min: 0.1, Avg: 0.6, Max: 0.8, Diff: 0.7, Sum: 2.4]
      [Termination (ms): Min: 0.0, Avg: 0.1, Max: 0.2, Diff: 0.2, Sum: 0.5]
         [Termination Attempts: Min: 1, Avg: 4.0, Max: 10, Diff: 9, Sum: 16]
      [GC Worker Other (ms): Min: 0.0, Avg: 0.0, Max: 0.0, Diff: 0.0, Sum: 0.1]
      [GC Worker Total (ms): Min: 1.0, Avg: 1.4, Max: 1.6, Diff: 0.6, Sum: 5.7]
      [GC Worker End (ms): Min: 266.3, Avg: 266.3, Max: 266.3, Diff: 0.0]
   [Code Root Fixup: 0.0 ms]
   [Code Root Purge: 0.0 ms]
   [Clear CT: 0.1 ms]
   [Other: 0.5 ms]
      [Choose CSet: 0.0 ms]
      [Ref Proc: 0.3 ms]
      [Ref Enq: 0.0 ms]
      [Redirty Cards: 0.0 ms]
      [Humongous Register: 0.0 ms]
      [Humongous Reclaim: 0.0 ms]
      [Free CSet: 0.0 ms]
   [Eden: 3072.0K(14.0M)->0.0B(14.0M) Survivors: 0.0B->1024.0K Heap: 3072.0K(62.0M)->679.9K(62.0M)]
 [Times: user=0.01 sys=0.00, real=0.01 secs] 
0.267: [GC concurrent-root-region-scan-start]
0.268: [GC pause (G1 Humongous Allocation) (young)0.268: [GC concurrent-root-region-scan-end, 0.0009844 secs]
0.268: [GC concurrent-mark-start]
, 0.0024073 secs]
   [Root Region Scan Waiting: 0.1 ms]
   [Parallel Time: 1.8 ms, GC Workers: 4]
      [GC Worker Start (ms): Min: 268.1, Avg: 269.4, Max: 269.9, Diff: 1.8]
      [Ext Root Scanning (ms): Min: 0.0, Avg: 0.1, Max: 0.4, Diff: 0.4, Sum: 0.5]
      [Update RS (ms): Min: 0.0, Avg: 0.0, Max: 0.0, Diff: 0.0, Sum: 0.0]
         [Processed Buffers: Min: 0, Avg: 0.0, Max: 0, Diff: 0, Sum: 0]
      [Scan RS (ms): Min: 0.0, Avg: 0.0, Max: 0.0, Diff: 0.0, Sum: 0.0]
      [Code Root Scanning (ms): Min: 0.0, Avg: 0.0, Max: 0.0, Diff: 0.0, Sum: 0.0]
      [Object Copy (ms): Min: 0.0, Avg: 0.3, Max: 1.1, Diff: 1.1, Sum: 1.1]
      [Termination (ms): Min: 0.0, Avg: 0.1, Max: 0.2, Diff: 0.2, Sum: 0.5]
         [Termination Attempts: Min: 1, Avg: 1.0, Max: 1, Diff: 0, Sum: 4]
      [GC Worker Other (ms): Min: 0.0, Avg: 0.0, Max: 0.0, Diff: 0.0, Sum: 0.0]
      [GC Worker Total (ms): Min: 0.0, Avg: 0.5, Max: 1.8, Diff: 1.8, Sum: 2.1]
      [GC Worker End (ms): Min: 269.9, Avg: 269.9, Max: 269.9, Diff: 0.0]
   [Code Root Fixup: 0.0 ms]
   [Code Root Purge: 0.0 ms]
   [Clear CT: 0.0 ms]
   [Other: 0.4 ms]
      [Choose CSet: 0.0 ms]
      [Ref Proc: 0.3 ms]
      [Ref Enq: 0.0 ms]
      [Redirty Cards: 0.0 ms]
      [Humongous Register: 0.0 ms]
      [Humongous Reclaim: 0.0 ms]
      [Free CSet: 0.0 ms]
   [Eden: 0.0B(14.0M)->0.0B(13.0M) Survivors: 1024.0K->1024.0K Heap: 679.9K(62.0M)->687.9K(62.0M)]
 [Times: user=0.00 sys=0.00, real=0.00 secs] 
0.271: [GC concurrent-mark-end, 0.0025703 secs]
0.272: [GC remark 0.272: [Finalize Marking, 0.0025284 secs] 0.275: [GC ref-proc, 0.0001498 secs] 0.275: [Unloading, 0.0015131 secs], 0.0044560 secs]
 [Times: user=0.01 sys=0.00, real=0.00 secs] 
0.277: [GC cleanup 687K->687K(62M), 0.0004219 secs]
 [Times: user=0.00 sys=0.00, real=0.00 secs] 
0.295: [Full GC (Allocation Failure)  954K->484K(8192K), 0.0264041 secs]
   [Eden: 1024.0K(13.0M)->0.0B(3072.0K) Survivors: 1024.0K->0.0B Heap: 954.1K(968.0M)->484.8K(8192.0K)], [Metaspace: 3318K->3318K(1056768K)]
 [Times: user=0.01 sys=0.01, real=0.03 secs] 
0.322: [Full GC (Allocation Failure)  484K->466K(8192K), 0.0047636 secs]
   [Eden: 0.0B(3072.0K)->0.0B(3072.0K) Survivors: 0.0B->0.0B Heap: 484.8K(8192.0K)->466.9K(8192.0K)], [Metaspace: 3318K->3318K(1056768K)]
 [Times: user=0.00 sys=0.00, real=0.00 secs] 
Heap
 garbage-first heap   total 8192K, used 466K [0x00000000c3800000, 0x00000000c3900040, 0x0000000100000000)
  region size 1024K, 1 young (1024K), 0 survivors (0K)
 Metaspace       used 3351K, capacity 4500K, committed 4864K, reserved 1056768K
  class space    used 370K, capacity 388K, committed 512K, reserved 1048576K
